valueerror- is an error that originates when you try to convert a value like a string of letters into and integer 
